#include <stdint.h>
#include <lib/trace.h>

struct symbol symbol_table[] = {
    {0xffffffff80000000, "text_start_addr"},
    {0xffffffff80000000, "pipe_unref"},
    {0xffffffff80000020, "pipe_read"},
    {0xffffffff80000200, "pipe_write"},
    {0xffffffff800003b0, "syscall_pipe"},
    {0xffffffff80000530, "stub_bind"},
    {0xffffffff80000550, "stub_getpeername"},
    {0xffffffff80000570, "stub_listen"},
    {0xffffffff80000590, "stub_accept"},
    {0xffffffff800005b0, "stub_recvmsg"},
    {0xffffffff800005d0, "stub_connect"},
    {0xffffffff800005f0, "socket_create"},
    {0xffffffff80000690, "syscall_socket"},
    {0xffffffff800007c0, "syscall_bind"},
    {0xffffffff80000950, "syscall_connect"},
    {0xffffffff80000b10, "syscall_listen"},
    {0xffffffff80000cb0, "syscall_accept"},
    {0xffffffff80001030, "syscall_getpeername"},
    {0xffffffff800011b0, "syscall_recvmsg"},
    {0xffffffff80001320, "unix_listen"},
    {0xffffffff80001330, "unix_getpeername"},
    {0xffffffff80001380, "unix_bind"},
    {0xffffffff80001420, "unix_write"},
    {0xffffffff800015e0, "unix_read"},
    {0xffffffff800017b0, "unix_recvmsg"},
    {0xffffffff80001b00, "unix_connect"},
    {0xffffffff80001cc0, "socket_create_unix"},
    {0xffffffff80001dc0, "unix_accept"},
    {0xffffffff80001fa0, "socket_add_to_backlog"},
    {0xffffffff80001ff0, "io_apic_set_gsi_redirect"},
    {0xffffffff800020f0, "io_apic_set_irq_redirect"},
    {0xffffffff80002160, "dev_init"},
    {0xffffffff80002180, "lapic_timer_handler"},
    {0xffffffff800021e0, "lapic_eoi"},
    {0xffffffff80002200, "lapic_timer_oneshot"},
    {0xffffffff800022d0, "lapic_send_ipi"},
    {0xffffffff80002300, "lapic_timer_calibrate"},
    {0xffffffff80002400, "lapic_init"},
    {0xffffffff800024d0, "lapic_get_id"},
    {0xffffffff800024f0, "null_read"},
    {0xffffffff80002500, "null_write"},
    {0xffffffff80002510, "full_write"},
    {0xffffffff80002530, "urandom_read"},
    {0xffffffff80002550, "full_read"},
    {0xffffffff80002580, "zero_write"},
    {0xffffffff80002590, "urandom_write"},
    {0xffffffff800025a0, "zero_read"},
    {0xffffffff800025d0, "streams_init"},
    {0xffffffff80002790, "serial_init"},
    {0xffffffff80002830, "serial_out"},
    {0xffffffff800028b0, "serial_outstr"},
    {0xffffffff80002940, "tty_read"},
    {0xffffffff80002af0, "tty_ioctl"},
    {0xffffffff80002c30, "tty_write"},
    {0xffffffff80002d10, "add_to_buf_char"},
    {0xffffffff80002fe0, "limine_term_callback"},
    {0xffffffff80003030, "add_to_buf.constprop.0"},
    {0xffffffff800030a0, "keyboard_handler"},
    {0xffffffff800035d0, "console_init"},
    {0xffffffff800036f0, "console_write"},
    {0xffffffff80003740, "ps2_read"},
    {0xffffffff80003750, "ps2_write"},
    {0xffffffff80003770, "ps2_read_config"},
    {0xffffffff80003790, "ps2_write_config"},
    {0xffffffff800037b0, "ps2_init"},
    {0xffffffff80003880, "pit_timer_handler"},
    {0xffffffff80003890, "pit_get_current_count"},
    {0xffffffff800038a0, "pit_set_reload_value"},
    {0xffffffff800038c0, "pit_set_frequency"},
    {0xffffffff800038f0, "pit_init"},
    {0xffffffff80003940, "mcfg_read"},
    {0xffffffff80003a40, "mcfg_write"},
    {0xffffffff80003b40, "scan_function"},
    {0xffffffff80003d20, "pci_init"},
    {0xffffffff80004040, "pci_set_privl"},
    {0xffffffff80004080, "pci_get_bar"},
    {0xffffffff800041a0, "pci_enable_irq"},
    {0xffffffff800043a0, "pci_setmask"},
    {0xffffffff800044c0, "pci_get_device"},
    {0xffffffff80004560, "pci_get_device_by_vendor"},
    {0xffffffff800045c0, "fbdev_mmap"},
    {0xffffffff80004600, "fbdev_ioctl"},
    {0xffffffff80004710, "fbdev_write"},
    {0xffffffff80004770, "fbdev_read"},
    {0xffffffff800047d0, "fbdev_init"},
    {0xffffffff80004a50, "madt_init"},
    {0xffffffff80004d40, "acpi_find_sdt"},
    {0xffffffff80004e70, "acpi_init"},
    {0xffffffff80004f80, "get_parent_dir"},
    {0xffffffff80005000, "reduce_node"},
    {0xffffffff80005070, "path2node"},
    {0xffffffff80005400, "create_dotentries"},
    {0xffffffff80005740, "vfs_create_node"},
    {0xffffffff800057c0, "vfs_add_filesystem"},
    {0xffffffff80005940, "vfs_init"},
    {0xffffffff800059c0, "vfs_get_node"},
    {0xffffffff80005a50, "vfs_mount"},
    {0xffffffff80005d00, "vfs_symlink"},
    {0xffffffff80005ee0, "vfs_unlink"},
    {0xffffffff80006100, "vfs_create"},
    {0xffffffff80006330, "vfs_pathname"},
    {0xffffffff800063c0, "vfs_fdnum_path_to_node"},
    {0xffffffff800064a0, "syscall_openat"},
    {0xffffffff80006740, "syscall_stat"},
    {0xffffffff80006900, "syscall_getcwd"},
    {0xffffffff80006a30, "syscall_chdir"},
    {0xffffffff80006b90, "syscall_readdir"},
    {0xffffffff80006f90, "syscall_readlinkat"},
    {0xffffffff80007190, "syscall_linkat"},
    {0xffffffff80007480, "syscall_unlinkat"},
    {0xffffffff800075d0, "syscall_mkdirat"},
    {0xffffffff80007730, "initramfs_init"},
    {0xffffffff800079d0, "devtmpfs_mount"},
    {0xffffffff800079e0, "devtmpfs_link"},
    {0xffffffff80007a40, "devtmpfs_create"},
    {0xffffffff80007bb0, "devtmpfs_truncate"},
    {0xffffffff80007c70, "devtmpfs_resource_read"},
    {0xffffffff80007ce0, "devtmpfs_resource_mmap"},
    {0xffffffff80007d80, "devtmpfs_resource_write"},
    {0xffffffff80007ea0, "devtmpfs_symlink"},
    {0xffffffff80007fd0, "devtmpfs_init"},
    {0xffffffff80008080, "devtmpfs_add_device"},
    {0xffffffff800082a0, "tmpfs_link"},
    {0xffffffff80008300, "tmpfs_resource_write"},
    {0xffffffff80008420, "tmpfs_mount"},
    {0xffffffff80008480, "tmpfs_create"},
    {0xffffffff800085f0, "tmpfs_truncate"},
    {0xffffffff800086b0, "tmpfs_resource_read"},
    {0xffffffff80008720, "tmpfs_resource_mmap"},
    {0xffffffff800087c0, "tmpfs_symlink"},
    {0xffffffff800088f0, "tmpfs_init"},
    {0xffffffff8000894b, "tmpfs_mount.cold"},
    {0xffffffff80008960, "proc_init"},
    {0xffffffff80008aa0, "syscall_uname"},
    {0xffffffff80008ba0, "syscall_futex_wait"},
    {0xffffffff80008ef0, "syscall_futex_wake"},
    {0xffffffff80009090, "syscall_umask"},
    {0xffffffff80009160, "sched_await"},
    {0xffffffff80009190, "sched_entry"},
    {0xffffffff800094b0, "sched_yield"},
    {0xffffffff80009530, "sched_enqueue_thread"},
    {0xffffffff800095c0, "sched_dequeue_thread"},
    {0xffffffff80009660, "sched_dequeue_and_die"},
    {0xffffffff80009680, "sched_new_process"},
    {0xffffffff800099b0, "sched_new_kernel_thread"},
    {0xffffffff80009b70, "sched_new_user_thread"},
    {0xffffffff8000a1d0, "syscall_set_fs_base"},
    {0xffffffff8000a280, "syscall_set_gs_base"},
    {0xffffffff8000a330, "syscall_getpid"},
    {0xffffffff8000a3e0, "syscall_fork"},
    {0xffffffff8000a810, "syscall_exec"},
    {0xffffffff8000aa50, "syscall_exit"},
    {0xffffffff8000ac20, "syscall_waitpid"},
    {0xffffffff8000b010, "timer_arm"},
    {0xffffffff8000b0c0, "timer_new"},
    {0xffffffff8000b110, "timer_disarm"},
    {0xffffffff8000b190, "time_init"},
    {0xffffffff8000b1b0, "timer_handler"},
    {0xffffffff8000b310, "syscall_sleep"},
    {0xffffffff8000b4a0, "syscall_getclock"},
    {0xffffffff8000b5f0, "int_events_handler"},
    {0xffffffff8000b620, "int_events_init"},
    {0xffffffff8000b650, "idt_allocate_vector"},
    {0xffffffff8000b6b0, "idt_set_ist"},
    {0xffffffff8000b6c0, "idt_set_flags"},
    {0xffffffff8000b6d0, "idt_reload"},
    {0xffffffff8000b6f0, "idt_init"},
    {0xffffffff8000b840, "gdt_init"},
    {0xffffffff8000b940, "gdt_reload"},
    {0xffffffff8000b970, "gdt_load_tss"},
    {0xffffffff8000b9e0, "xsave"},
    {0xffffffff8000b9f0, "xrstor"},
    {0xffffffff8000ba00, "fxsave"},
    {0xffffffff8000ba10, "fxrstor"},
    {0xffffffff8000ba20, "single_cpu_init"},
    {0xffffffff8000bd90, "cpu_init"},
    {0xffffffff8000be70, "this_cpu"},
    {0xffffffff8000bea0, "exception_handler"},
    {0xffffffff8000bef0, "except_init"},
    {0xffffffff8000bf20, "resource_default_ioctl"},
    {0xffffffff8000bf70, "stub_read"},
    {0xffffffff8000bf90, "stub_mmap"},
    {0xffffffff8000bfa0, "stub_unref"},
    {0xffffffff8000bfb0, "stub_truncate"},
    {0xffffffff8000bfd0, "stub_write"},
    {0xffffffff8000bff0, "resource_create"},
    {0xffffffff8000c050, "resource_free"},
    {0xffffffff8000c060, "resource_create_dev_id"},
    {0xffffffff8000c0a0, "fdnum_close"},
    {0xffffffff8000c1a0, "fdnum_create_from_fd"},
    {0xffffffff8000c250, "fd_create_from_resource"},
    {0xffffffff8000c300, "fdnum_create_from_resource"},
    {0xffffffff8000c350, "fd_from_fdnum"},
    {0xffffffff8000c3d0, "fdnum_dup"},
    {0xffffffff8000c510, "syscall_close"},
    {0xffffffff8000c5d0, "syscall_read"},
    {0xffffffff8000c6e0, "syscall_write"},
    {0xffffffff8000c7f0, "syscall_seek"},
    {0xffffffff8000c950, "syscall_fcntl"},
    {0xffffffff8000caf0, "syscall_ioctl"},
    {0xffffffff8000cbe0, "syscall_dup3"},
    {0xffffffff8000ccd0, "syscall_fchmodat"},
    {0xffffffff8000ce20, "syscall_ppoll"},
    {0xffffffff8000d1a0, "debug_get_syscall_id"},
    {0xffffffff8000d1e0, "strerror"},
    {0xffffffff8000d200, "print_nstr_pad"},
    {0xffffffff8000d2f0, "print_uint"},
    {0xffffffff8000d590, "vsnprint"},
    {0xffffffff8000dc30, "snprint"},
    {0xffffffff8000dc70, "kernel_vprint"},
    {0xffffffff8000dcf0, "kernel_print"},
    {0xffffffff8000dd30, "debug_vprint"},
    {0xffffffff8000dd40, "debug_print"},
    {0xffffffff8000dd50, "syscall_debug"},
    {0xffffffff8000dd90, "generate"},
    {0xffffffff8000de90, "random_seed"},
    {0xffffffff8000df10, "random_init"},
    {0xffffffff8000dfe0, "random_fill"},
    {0xffffffff8000e0c0, "random_generate"},
    {0xffffffff8000e100, "trace_address"},
    {0xffffffff8000e160, "trace_printaddr"},
    {0xffffffff8000e1d0, "trace_printstack"},
    {0xffffffff8000e2b0, "elf_load"},
    {0xffffffff8000e590, "panic"},
    {0xffffffff8000e730, "event_await"},
    {0xffffffff8000ea40, "event_trigger"},
    {0xffffffff8000eb00, "smartlock_acquire"},
    {0xffffffff8000eb50, "smartlock_release"},
    {0xffffffff8000ebb0, "toupper"},
    {0xffffffff8000ebc0, "memcpy"},
    {0xffffffff8000ebf0, "memset"},
    {0xffffffff8000ec10, "memmove"},
    {0xffffffff8000ec60, "memcmp"},
    {0xffffffff8000eca0, "strdup"},
    {0xffffffff8000ed30, "strcpy"},
    {0xffffffff8000ed70, "strncpy"},
    {0xffffffff8000edc0, "strcmp"},
    {0xffffffff8000ee00, "strncmp"},
    {0xffffffff8000ee40, "strlen"},
    {0xffffffff8000ee70, "addr2range"},
    {0xffffffff8000eef0, "mmap_list_ranges"},
    {0xffffffff8000ef50, "mmap_page_in_range"},
    {0xffffffff8000f010, "mmap_handle_pf"},
    {0xffffffff8000f0d0, "mmap_range"},
    {0xffffffff8000f310, "munmap"},
    {0xffffffff8000f6c0, "mmap"},
    {0xffffffff8000f960, "syscall_mmap"},
    {0xffffffff8000fac0, "syscall_munmap"},
    {0xffffffff8000fba0, "slab_init"},
    {0xffffffff80010040, "slab_alloc"},
    {0xffffffff800101d0, "slab_free"},
    {0xffffffff80010240, "slab_realloc"},
    {0xffffffff80010380, "get_next_level"},
    {0xffffffff80010410, "destroy_level.constprop.0"},
    {0xffffffff80010840, "vmm_new_pagemap"},
    {0xffffffff80010920, "vmm_destroy_pagemap"},
    {0xffffffff800109c0, "vmm_switch_to"},
    {0xffffffff800109e0, "vmm_map_page"},
    {0xffffffff80010ab0, "vmm_init"},
    {0xffffffff80010ef0, "vmm_flag_page"},
    {0xffffffff80010fd0, "vmm_unmap_page"},
    {0xffffffff800110a0, "vmm_virt2pte"},
    {0xffffffff80011140, "vmm_fork_pagemap"},
    {0xffffffff80011570, "vmm_virt2phys"},
    {0xffffffff800115b0, "inner_alloc"},
    {0xffffffff80011680, "pmm_init"},
    {0xffffffff800118b0, "pmm_alloc_nozero"},
    {0xffffffff80011930, "pmm_alloc"},
    {0xffffffff80011970, "pmm_free"},
    {0xffffffff800119e0, "kmain_thread"},
    {0xffffffff80011b90, "_start"},
    {0xffffffff80011c12, "interrupt_thunk_0"},
    {0xffffffff80011c96, "interrupt_thunk_1"},
    {0xffffffff80011d1a, "interrupt_thunk_2"},
    {0xffffffff80011d9e, "interrupt_thunk_3"},
    {0xffffffff80011e22, "interrupt_thunk_4"},
    {0xffffffff80011ea6, "interrupt_thunk_5"},
    {0xffffffff80011f2a, "interrupt_thunk_6"},
    {0xffffffff80011fae, "interrupt_thunk_7"},
    {0xffffffff80012032, "interrupt_thunk_8"},
    {0xffffffff800120b4, "interrupt_thunk_9"},
    {0xffffffff80012138, "interrupt_thunk_10"},
    {0xffffffff800121ba, "interrupt_thunk_11"},
    {0xffffffff8001223c, "interrupt_thunk_12"},
    {0xffffffff800122be, "interrupt_thunk_13"},
    {0xffffffff80012340, "interrupt_thunk_14"},
    {0xffffffff800123c2, "interrupt_thunk_15"},
    {0xffffffff80012446, "interrupt_thunk_16"},
    {0xffffffff800124ca, "interrupt_thunk_17"},
    {0xffffffff8001254c, "interrupt_thunk_18"},
    {0xffffffff800125d0, "interrupt_thunk_19"},
    {0xffffffff80012654, "interrupt_thunk_20"},
    {0xffffffff800126d8, "interrupt_thunk_21"},
    {0xffffffff8001275c, "interrupt_thunk_22"},
    {0xffffffff800127e0, "interrupt_thunk_23"},
    {0xffffffff80012864, "interrupt_thunk_24"},
    {0xffffffff800128e8, "interrupt_thunk_25"},
    {0xffffffff8001296c, "interrupt_thunk_26"},
    {0xffffffff800129f0, "interrupt_thunk_27"},
    {0xffffffff80012a74, "interrupt_thunk_28"},
    {0xffffffff80012af8, "interrupt_thunk_29"},
    {0xffffffff80012b7c, "interrupt_thunk_30"},
    {0xffffffff80012bfe, "interrupt_thunk_31"},
    {0xffffffff80012c82, "interrupt_thunk_32"},
    {0xffffffff80012d06, "interrupt_thunk_33"},
    {0xffffffff80012d8a, "interrupt_thunk_34"},
    {0xffffffff80012e0e, "interrupt_thunk_35"},
    {0xffffffff80012e92, "interrupt_thunk_36"},
    {0xffffffff80012f16, "interrupt_thunk_37"},
    {0xffffffff80012f9a, "interrupt_thunk_38"},
    {0xffffffff8001301e, "interrupt_thunk_39"},
    {0xffffffff800130a2, "interrupt_thunk_40"},
    {0xffffffff80013126, "interrupt_thunk_41"},
    {0xffffffff800131aa, "interrupt_thunk_42"},
    {0xffffffff8001322e, "interrupt_thunk_43"},
    {0xffffffff800132b2, "interrupt_thunk_44"},
    {0xffffffff80013336, "interrupt_thunk_45"},
    {0xffffffff800133ba, "interrupt_thunk_46"},
    {0xffffffff8001343e, "interrupt_thunk_47"},
    {0xffffffff800134c2, "interrupt_thunk_48"},
    {0xffffffff80013546, "interrupt_thunk_49"},
    {0xffffffff800135ca, "interrupt_thunk_50"},
    {0xffffffff8001364e, "interrupt_thunk_51"},
    {0xffffffff800136d2, "interrupt_thunk_52"},
    {0xffffffff80013756, "interrupt_thunk_53"},
    {0xffffffff800137da, "interrupt_thunk_54"},
    {0xffffffff8001385e, "interrupt_thunk_55"},
    {0xffffffff800138e2, "interrupt_thunk_56"},
    {0xffffffff80013966, "interrupt_thunk_57"},
    {0xffffffff800139ea, "interrupt_thunk_58"},
    {0xffffffff80013a6e, "interrupt_thunk_59"},
    {0xffffffff80013af2, "interrupt_thunk_60"},
    {0xffffffff80013b76, "interrupt_thunk_61"},
    {0xffffffff80013bfa, "interrupt_thunk_62"},
    {0xffffffff80013c7e, "interrupt_thunk_63"},
    {0xffffffff80013d02, "interrupt_thunk_64"},
    {0xffffffff80013d86, "interrupt_thunk_65"},
    {0xffffffff80013e0a, "interrupt_thunk_66"},
    {0xffffffff80013e8e, "interrupt_thunk_67"},
    {0xffffffff80013f12, "interrupt_thunk_68"},
    {0xffffffff80013f96, "interrupt_thunk_69"},
    {0xffffffff8001401a, "interrupt_thunk_70"},
    {0xffffffff8001409e, "interrupt_thunk_71"},
    {0xffffffff80014122, "interrupt_thunk_72"},
    {0xffffffff800141a6, "interrupt_thunk_73"},
    {0xffffffff8001422a, "interrupt_thunk_74"},
    {0xffffffff800142ae, "interrupt_thunk_75"},
    {0xffffffff80014332, "interrupt_thunk_76"},
    {0xffffffff800143b6, "interrupt_thunk_77"},
    {0xffffffff8001443a, "interrupt_thunk_78"},
    {0xffffffff800144be, "interrupt_thunk_79"},
    {0xffffffff80014542, "interrupt_thunk_80"},
    {0xffffffff800145c6, "interrupt_thunk_81"},
    {0xffffffff8001464a, "interrupt_thunk_82"},
    {0xffffffff800146ce, "interrupt_thunk_83"},
    {0xffffffff80014752, "interrupt_thunk_84"},
    {0xffffffff800147d6, "interrupt_thunk_85"},
    {0xffffffff8001485a, "interrupt_thunk_86"},
    {0xffffffff800148de, "interrupt_thunk_87"},
    {0xffffffff80014962, "interrupt_thunk_88"},
    {0xffffffff800149e6, "interrupt_thunk_89"},
    {0xffffffff80014a6a, "interrupt_thunk_90"},
    {0xffffffff80014aee, "interrupt_thunk_91"},
    {0xffffffff80014b72, "interrupt_thunk_92"},
    {0xffffffff80014bf6, "interrupt_thunk_93"},
    {0xffffffff80014c7a, "interrupt_thunk_94"},
    {0xffffffff80014cfe, "interrupt_thunk_95"},
    {0xffffffff80014d82, "interrupt_thunk_96"},
    {0xffffffff80014e06, "interrupt_thunk_97"},
    {0xffffffff80014e8a, "interrupt_thunk_98"},
    {0xffffffff80014f0e, "interrupt_thunk_99"},
    {0xffffffff80014f92, "interrupt_thunk_100"},
    {0xffffffff80015016, "interrupt_thunk_101"},
    {0xffffffff8001509a, "interrupt_thunk_102"},
    {0xffffffff8001511e, "interrupt_thunk_103"},
    {0xffffffff800151a2, "interrupt_thunk_104"},
    {0xffffffff80015226, "interrupt_thunk_105"},
    {0xffffffff800152aa, "interrupt_thunk_106"},
    {0xffffffff8001532e, "interrupt_thunk_107"},
    {0xffffffff800153b2, "interrupt_thunk_108"},
    {0xffffffff80015436, "interrupt_thunk_109"},
    {0xffffffff800154ba, "interrupt_thunk_110"},
    {0xffffffff8001553e, "interrupt_thunk_111"},
    {0xffffffff800155c2, "interrupt_thunk_112"},
    {0xffffffff80015646, "interrupt_thunk_113"},
    {0xffffffff800156ca, "interrupt_thunk_114"},
    {0xffffffff8001574e, "interrupt_thunk_115"},
    {0xffffffff800157d2, "interrupt_thunk_116"},
    {0xffffffff80015856, "interrupt_thunk_117"},
    {0xffffffff800158da, "interrupt_thunk_118"},
    {0xffffffff8001595e, "interrupt_thunk_119"},
    {0xffffffff800159e2, "interrupt_thunk_120"},
    {0xffffffff80015a66, "interrupt_thunk_121"},
    {0xffffffff80015aea, "interrupt_thunk_122"},
    {0xffffffff80015b6e, "interrupt_thunk_123"},
    {0xffffffff80015bf2, "interrupt_thunk_124"},
    {0xffffffff80015c76, "interrupt_thunk_125"},
    {0xffffffff80015cfa, "interrupt_thunk_126"},
    {0xffffffff80015d7e, "interrupt_thunk_127"},
    {0xffffffff80015e02, "interrupt_thunk_128"},
    {0xffffffff80015e86, "interrupt_thunk_129"},
    {0xffffffff80015f0a, "interrupt_thunk_130"},
    {0xffffffff80015f8e, "interrupt_thunk_131"},
    {0xffffffff80016012, "interrupt_thunk_132"},
    {0xffffffff80016096, "interrupt_thunk_133"},
    {0xffffffff8001611a, "interrupt_thunk_134"},
    {0xffffffff8001619e, "interrupt_thunk_135"},
    {0xffffffff80016222, "interrupt_thunk_136"},
    {0xffffffff800162a6, "interrupt_thunk_137"},
    {0xffffffff8001632a, "interrupt_thunk_138"},
    {0xffffffff800163ae, "interrupt_thunk_139"},
    {0xffffffff80016432, "interrupt_thunk_140"},
    {0xffffffff800164b6, "interrupt_thunk_141"},
    {0xffffffff8001653a, "interrupt_thunk_142"},
    {0xffffffff800165be, "interrupt_thunk_143"},
    {0xffffffff80016642, "interrupt_thunk_144"},
    {0xffffffff800166c6, "interrupt_thunk_145"},
    {0xffffffff8001674a, "interrupt_thunk_146"},
    {0xffffffff800167ce, "interrupt_thunk_147"},
    {0xffffffff80016852, "interrupt_thunk_148"},
    {0xffffffff800168d6, "interrupt_thunk_149"},
    {0xffffffff8001695a, "interrupt_thunk_150"},
    {0xffffffff800169de, "interrupt_thunk_151"},
    {0xffffffff80016a62, "interrupt_thunk_152"},
    {0xffffffff80016ae6, "interrupt_thunk_153"},
    {0xffffffff80016b6a, "interrupt_thunk_154"},
    {0xffffffff80016bee, "interrupt_thunk_155"},
    {0xffffffff80016c72, "interrupt_thunk_156"},
    {0xffffffff80016cf6, "interrupt_thunk_157"},
    {0xffffffff80016d7a, "interrupt_thunk_158"},
    {0xffffffff80016dfe, "interrupt_thunk_159"},
    {0xffffffff80016e82, "interrupt_thunk_160"},
    {0xffffffff80016f06, "interrupt_thunk_161"},
    {0xffffffff80016f8a, "interrupt_thunk_162"},
    {0xffffffff8001700e, "interrupt_thunk_163"},
    {0xffffffff80017092, "interrupt_thunk_164"},
    {0xffffffff80017116, "interrupt_thunk_165"},
    {0xffffffff8001719a, "interrupt_thunk_166"},
    {0xffffffff8001721e, "interrupt_thunk_167"},
    {0xffffffff800172a2, "interrupt_thunk_168"},
    {0xffffffff80017326, "interrupt_thunk_169"},
    {0xffffffff800173aa, "interrupt_thunk_170"},
    {0xffffffff8001742e, "interrupt_thunk_171"},
    {0xffffffff800174b2, "interrupt_thunk_172"},
    {0xffffffff80017536, "interrupt_thunk_173"},
    {0xffffffff800175ba, "interrupt_thunk_174"},
    {0xffffffff8001763e, "interrupt_thunk_175"},
    {0xffffffff800176c2, "interrupt_thunk_176"},
    {0xffffffff80017746, "interrupt_thunk_177"},
    {0xffffffff800177ca, "interrupt_thunk_178"},
    {0xffffffff8001784e, "interrupt_thunk_179"},
    {0xffffffff800178d2, "interrupt_thunk_180"},
    {0xffffffff80017956, "interrupt_thunk_181"},
    {0xffffffff800179da, "interrupt_thunk_182"},
    {0xffffffff80017a5e, "interrupt_thunk_183"},
    {0xffffffff80017ae2, "interrupt_thunk_184"},
    {0xffffffff80017b66, "interrupt_thunk_185"},
    {0xffffffff80017bea, "interrupt_thunk_186"},
    {0xffffffff80017c6e, "interrupt_thunk_187"},
    {0xffffffff80017cf2, "interrupt_thunk_188"},
    {0xffffffff80017d76, "interrupt_thunk_189"},
    {0xffffffff80017dfa, "interrupt_thunk_190"},
    {0xffffffff80017e7e, "interrupt_thunk_191"},
    {0xffffffff80017f02, "interrupt_thunk_192"},
    {0xffffffff80017f86, "interrupt_thunk_193"},
    {0xffffffff8001800a, "interrupt_thunk_194"},
    {0xffffffff8001808e, "interrupt_thunk_195"},
    {0xffffffff80018112, "interrupt_thunk_196"},
    {0xffffffff80018196, "interrupt_thunk_197"},
    {0xffffffff8001821a, "interrupt_thunk_198"},
    {0xffffffff8001829e, "interrupt_thunk_199"},
    {0xffffffff80018322, "interrupt_thunk_200"},
    {0xffffffff800183a6, "interrupt_thunk_201"},
    {0xffffffff8001842a, "interrupt_thunk_202"},
    {0xffffffff800184ae, "interrupt_thunk_203"},
    {0xffffffff80018532, "interrupt_thunk_204"},
    {0xffffffff800185b6, "interrupt_thunk_205"},
    {0xffffffff8001863a, "interrupt_thunk_206"},
    {0xffffffff800186be, "interrupt_thunk_207"},
    {0xffffffff80018742, "interrupt_thunk_208"},
    {0xffffffff800187c6, "interrupt_thunk_209"},
    {0xffffffff8001884a, "interrupt_thunk_210"},
    {0xffffffff800188ce, "interrupt_thunk_211"},
    {0xffffffff80018952, "interrupt_thunk_212"},
    {0xffffffff800189d6, "interrupt_thunk_213"},
    {0xffffffff80018a5a, "interrupt_thunk_214"},
    {0xffffffff80018ade, "interrupt_thunk_215"},
    {0xffffffff80018b62, "interrupt_thunk_216"},
    {0xffffffff80018be6, "interrupt_thunk_217"},
    {0xffffffff80018c6a, "interrupt_thunk_218"},
    {0xffffffff80018cee, "interrupt_thunk_219"},
    {0xffffffff80018d72, "interrupt_thunk_220"},
    {0xffffffff80018df6, "interrupt_thunk_221"},
    {0xffffffff80018e7a, "interrupt_thunk_222"},
    {0xffffffff80018efe, "interrupt_thunk_223"},
    {0xffffffff80018f82, "interrupt_thunk_224"},
    {0xffffffff80019006, "interrupt_thunk_225"},
    {0xffffffff8001908a, "interrupt_thunk_226"},
    {0xffffffff8001910e, "interrupt_thunk_227"},
    {0xffffffff80019192, "interrupt_thunk_228"},
    {0xffffffff80019216, "interrupt_thunk_229"},
    {0xffffffff8001929a, "interrupt_thunk_230"},
    {0xffffffff8001931e, "interrupt_thunk_231"},
    {0xffffffff800193a2, "interrupt_thunk_232"},
    {0xffffffff80019426, "interrupt_thunk_233"},
    {0xffffffff800194aa, "interrupt_thunk_234"},
    {0xffffffff8001952e, "interrupt_thunk_235"},
    {0xffffffff800195b2, "interrupt_thunk_236"},
    {0xffffffff80019636, "interrupt_thunk_237"},
    {0xffffffff800196ba, "interrupt_thunk_238"},
    {0xffffffff8001973e, "interrupt_thunk_239"},
    {0xffffffff800197c2, "interrupt_thunk_240"},
    {0xffffffff80019846, "interrupt_thunk_241"},
    {0xffffffff800198ca, "interrupt_thunk_242"},
    {0xffffffff8001994e, "interrupt_thunk_243"},
    {0xffffffff800199d2, "interrupt_thunk_244"},
    {0xffffffff80019a56, "interrupt_thunk_245"},
    {0xffffffff80019ada, "interrupt_thunk_246"},
    {0xffffffff80019b5e, "interrupt_thunk_247"},
    {0xffffffff80019be2, "interrupt_thunk_248"},
    {0xffffffff80019c66, "interrupt_thunk_249"},
    {0xffffffff80019cea, "interrupt_thunk_250"},
    {0xffffffff80019d6e, "interrupt_thunk_251"},
    {0xffffffff80019df2, "interrupt_thunk_252"},
    {0xffffffff80019e76, "interrupt_thunk_253"},
    {0xffffffff80019efa, "interrupt_thunk_254"},
    {0xffffffff80019f7e, "interrupt_thunk_255"},
    {0xffffffff8001a002, "panic_ipi_entry"},
    {0xffffffff8001a006, "syscall_ud_entry"},
    {0xffffffff8001a0b4, "syscall_sysenter_entry"},
    {0xffffffff8001a153, "text_end_addr"},
    {0xffffffffffffffff, ""}
};
